[02:56:16] [ServerMain/INFO]: Environment: Environment[sessionHost=https://sessionserver.mojang.com, servicesHost=https://api.minecraftservices.com, profilesHost=https://api.mojang.com, name=PROD]
[02:56:18] [ServerMain/INFO]: Loaded 1470 recipes
[02:56:18] [ServerMain/INFO]: Loaded 1584 advancements
[02:56:18] [Server thread/INFO]: Starting minecraft server version 1.21.11
[02:56:18] [Server thread/INFO]: Loading properties
[02:56:18] [Server thread/INFO]: Default game type: SURVIVAL
[02:56:18] [Server thread/INFO]: Generating keypair
[02:56:18] [Server thread/INFO]: Starting Minecraft server on 127.0.0.1:25572
[02:56:18] [Server thread/WARN]: **** SERVER IS RUNNING IN OFFLINE/INSECURE MODE!
[02:56:18] [Server thread/WARN]: The server will make no attempt to authenticate usernames. Beware.
[02:56:18] [Server thread/WARN]: While this makes the game possible to play without internet access, it also opens up the ability for hackers to connect with any username they choose.
[02:56:18] [Server thread/WARN]: To change this, set "online-mode" to "true" in the server.properties file.
[02:56:18] [Server thread/INFO]: Preparing level "world"
[02:56:19] [Server thread/INFO]: Loading 49 persistent chunks...
[02:56:19] [Server thread/INFO]: Preparing spawn area: 16%
[02:56:19] [Server thread/INFO]: Time elapsed: 186 ms
[02:56:19] [Server thread/INFO]: Done (0.378s)! For help, type "help"
[02:56:27] [Server thread/INFO]: NatMineBot[/127.0.0.1:38288] logged in with entity id 1 at (0.5, -60.0, 0.5)
[02:56:27] [Server thread/INFO]: NatMineBot joined the game
[02:56:27] [Server thread/INFO]: NatMineView[/127.0.0.1:38304] logged in with entity id 2 at (0.5, -60.0, 4.5)
[02:56:27] [Server thread/INFO]: NatMineView joined the game
[02:56:35] [Server thread/INFO]: No blocks were filled
[02:56:35] [Server thread/INFO]: Successfully filled 1 block(s)
[02:56:35] [Server thread/INFO]: Changed the block at 2, -59, 0
[02:56:35] [Server thread/INFO]: Teleported NatMineBot to 0.500000, -60.000000, 0.500000
[02:56:35] [Server thread/INFO]: Teleported NatMineView to 0.500000, -60.000000, 4.500000
[02:56:35] [Server thread/INFO]: No items were found on player NatMineBot
[02:56:38] [Server thread/INFO]: NatMineBot lost connection: Disconnected
[02:56:38] [Server thread/INFO]: NatMineBot left the game
[02:56:38] [Server thread/INFO]: NatMineBot[/127.0.0.1:41892] logged in with entity id 4 at (0.5, -60.0, 0.5)
[02:56:38] [Server thread/INFO]: NatMineBot joined the game
[02:57:00] [Server thread/INFO]: No blocks were filled
[02:57:00] [Server thread/INFO]: No blocks were filled
[02:57:00] [Server thread/INFO]: Changed the block at 2, -59, 0
[02:57:00] [Server thread/INFO]: Teleported NatMineBot to 0.500000, -60.000000, 0.500000
[02:57:00] [Server thread/INFO]: Teleported NatMineView to 0.500000, -60.000000, 4.500000
[02:57:00] [Server thread/INFO]: Removed 1 item(s) from player NatMineBot
[02:57:09] [Server thread/INFO]: NatMineBot lost connection: Disconnected
[02:57:09] [Server thread/INFO]: NatMineBot left the game
[02:57:09] [Server thread/INFO]: NatMineBot[/127.0.0.1:40464] logged in with entity id 5 at (0.5, -60.0, 0.5)
[02:57:09] [Server thread/INFO]: NatMineBot joined the game
[02:57:34] [Server thread/INFO]: No blocks were filled
[02:57:34] [Server thread/INFO]: No blocks were filled
[02:57:34] [Server thread/INFO]: Changed the block at 2, -59, 0
[02:57:34] [Server thread/INFO]: Teleported NatMineBot to 0.500000, -60.000000, 0.500000
[02:57:34] [Server thread/INFO]: Teleported NatMineView to 0.500000, -60.000000, 4.500000
[02:57:34] [Server thread/INFO]: No items were found on player NatMineBot
[02:57:36] [Server thread/INFO]: NatMineBot lost connection: Disconnected
[02:57:36] [Server thread/INFO]: NatMineBot left the game
[02:57:45] [Server thread/INFO]: NatMineBot[/127.0.0.1:39846] logged in with entity id 6 at (0.5, -60.0, 0.5)
[02:57:45] [Server thread/INFO]: NatMineBot joined the game
[02:58:07] [Server thread/INFO]: No blocks were filled
[02:58:07] [Server thread/INFO]: Successfully filled 1 block(s)
[02:58:07] [Server thread/INFO]: Changed the block at 2, -59, 0
[02:58:07] [Server thread/INFO]: Teleported NatMineBot to 0.500000, -60.000000, 0.500000
[02:58:07] [Server thread/INFO]: Teleported NatMineView to 0.500000, -60.000000, 4.500000
[02:58:07] [Server thread/INFO]: No items were found on player NatMineBot
[02:58:34] [Server thread/INFO]: Could not set the block
[02:58:34] [Server thread/INFO]: Changed the block at 2, -59, 0
[02:58:46] [Server thread/INFO]: NatMineBot lost connection: Disconnected
[02:58:46] [Server thread/INFO]: NatMineBot left the game
[02:58:46] [Server thread/INFO]: NatMineBot[/127.0.0.1:49154] logged in with entity id 7 at (0.5, -60.0, 0.5)
[02:58:46] [Server thread/INFO]: NatMineBot joined the game
[02:58:46] [Server thread/INFO]: NatMineView lost connection: Disconnected
[02:58:46] [Server thread/INFO]: NatMineView left the game
[02:58:46] [Server thread/INFO]: NatMineBot lost connection: Disconnected
[02:58:46] [Server thread/INFO]: NatMineBot left the game
[02:59:08] [Server thread/INFO]: There are 0 of a max of 2 players online: 
[02:59:08] [Server thread/INFO]: Stopping the server
[02:59:08] [Server thread/INFO]: Stopping server
[02:59:08] [Server thread/INFO]: Saving players
[02:59:08] [Server thread/INFO]: Saving worlds
[02:59:08] [Server thread/INFO]: Saving chunks for level 'ServerLevel[world]'/minecraft:overworld
[02:59:08] [Server thread/INFO]: Saving chunks for level 'ServerLevel[world]'/minecraft:the_end
[02:59:08] [Server thread/INFO]: Saving chunks for level 'ServerLevel[world]'/minecraft:the_nether
[02:59:08] [Server thread/INFO]: ThreadedAnvilChunkStorage (world): All chunks are saved
[02:59:08] [Server thread/INFO]: ThreadedAnvilChunkStorage (DIM1): All chunks are saved
[02:59:08] [Server thread/INFO]: ThreadedAnvilChunkStorage (DIM-1): All chunks are saved
[02:59:08] [Server thread/INFO]: ThreadedAnvilChunkStorage: All dimensions are saved
