[00:50:25] [ServerMain/INFO]: Environment: Environment[sessionHost=https://sessionserver.mojang.com, servicesHost=https://api.minecraftservices.com, profilesHost=https://api.mojang.com, name=PROD]
[00:50:27] [ServerMain/INFO]: Loaded 1470 recipes
[00:50:27] [ServerMain/INFO]: Loaded 1584 advancements
[00:50:27] [Server thread/INFO]: Starting minecraft server version 1.21.11
[00:50:27] [Server thread/INFO]: Loading properties
[00:50:27] [Server thread/INFO]: Default game type: SURVIVAL
[00:50:27] [Server thread/INFO]: Generating keypair
[00:50:27] [Server thread/INFO]: Starting Minecraft server on 127.0.0.1:25572
[00:50:27] [Server thread/WARN]: **** SERVER IS RUNNING IN OFFLINE/INSECURE MODE!
[00:50:27] [Server thread/WARN]: The server will make no attempt to authenticate usernames. Beware.
[00:50:27] [Server thread/WARN]: While this makes the game possible to play without internet access, it also opens up the ability for hackers to connect with any username they choose.
[00:50:27] [Server thread/WARN]: To change this, set "online-mode" to "true" in the server.properties file.
[00:50:27] [Server thread/INFO]: Preparing level "world"
[00:50:27] [Server thread/INFO]: Loading 49 persistent chunks...
[00:50:27] [Server thread/INFO]: Preparing spawn area: 16%
[00:50:27] [Server thread/INFO]: Time elapsed: 164 ms
[00:50:27] [Server thread/INFO]: Done (0.345s)! For help, type "help"
[00:50:40] [Server thread/INFO]: NatMineBot[/127.0.0.1:51104] logged in with entity id 1 at (0.5, -60.0, 0.5)
[00:50:40] [Server thread/INFO]: NatMineBot joined the game
[00:50:40] [Server thread/INFO]: NatMineView[/127.0.0.1:51106] logged in with entity id 2 at (0.5, -60.0, 4.5)
[00:50:40] [Server thread/INFO]: NatMineView joined the game
[00:50:54] [Server thread/INFO]: No blocks were filled
[00:50:54] [Server thread/INFO]: Successfully filled 1 block(s)
[00:50:54] [Server thread/INFO]: Changed the block at 2, -59, 0
[00:50:54] [Server thread/INFO]: Teleported NatMineBot to 0.500000, -60.000000, 0.500000
[00:50:54] [Server thread/INFO]: Teleported NatMineView to 0.500000, -60.000000, 4.500000
[00:50:54] [Server thread/INFO]: No items were found on player NatMineBot
[00:51:17] [Server thread/INFO]: No blocks were filled
[00:51:17] [Server thread/INFO]: Changed the block at 2, -59, 0
[00:51:17] [Server thread/INFO]: Teleported NatMineBot to 0.500000, -60.000000, 0.500000
[00:51:17] [Server thread/INFO]: Teleported NatMineView to 0.500000, -60.000000, 4.500000
[00:51:17] [Server thread/INFO]: No items were found on player NatMineBot
[00:52:05] [Server thread/INFO]: No blocks were filled
[00:52:05] [Server thread/INFO]: Changed the block at 2, -59, 0
[00:52:05] [Server thread/INFO]: Teleported NatMineBot to 0.500000, -60.000000, 0.500000
[00:52:05] [Server thread/INFO]: Teleported NatMineView to 0.500000, -60.000000, 4.500000
[00:52:05] [Server thread/INFO]: No items were found on player NatMineBot
[00:52:07] [Server thread/INFO]: NatMineBot lost connection: Disconnected
[00:52:07] [Server thread/INFO]: NatMineBot left the game
[00:52:16] [Server thread/INFO]: NatMineView lost connection: Disconnected
[00:52:16] [Server thread/INFO]: NatMineView left the game
[00:57:22] [Server thread/INFO]: [Not Secure] [Server] NATIVE_API_DISCONNECT_TARGET_RETAINED
[00:57:22] [Server thread/INFO]: There are 0 of a max of 2 players online: 
[00:57:22] [Server thread/INFO]: Stopping the server
[00:57:22] [Server thread/INFO]: Stopping server
[00:57:22] [Server thread/INFO]: Saving players
[00:57:22] [Server thread/INFO]: Saving worlds
[00:57:22] [Server thread/INFO]: Saving chunks for level 'ServerLevel[world]'/minecraft:overworld
[00:57:23] [Server thread/INFO]: Saving chunks for level 'ServerLevel[world]'/minecraft:the_end
[00:57:23] [Server thread/INFO]: Saving chunks for level 'ServerLevel[world]'/minecraft:the_nether
[00:57:23] [Server thread/INFO]: ThreadedAnvilChunkStorage (world): All chunks are saved
[00:57:23] [Server thread/INFO]: ThreadedAnvilChunkStorage (DIM1): All chunks are saved
[00:57:23] [Server thread/INFO]: ThreadedAnvilChunkStorage (DIM-1): All chunks are saved
[00:57:23] [Server thread/INFO]: ThreadedAnvilChunkStorage: All dimensions are saved
