[23:37:42] [ServerMain/INFO]: Environment: Environment[sessionHost=https://sessionserver.mojang.com, servicesHost=https://api.minecraftservices.com, profilesHost=https://api.mojang.com, name=PROD]
[23:37:43] [ServerMain/INFO]: No existing world data, creating new world
[23:37:44] [ServerMain/INFO]: Loaded 1470 recipes
[23:37:44] [ServerMain/INFO]: Loaded 1584 advancements
[23:37:44] [Server thread/INFO]: Starting minecraft server version 1.21.11
[23:37:44] [Server thread/INFO]: Loading properties
[23:37:44] [Server thread/INFO]: Default game type: SURVIVAL
[23:37:44] [Server thread/INFO]: Generating keypair
[23:37:44] [Server thread/INFO]: Starting Minecraft server on 127.0.0.1:25572
[23:37:44] [Server thread/WARN]: **** SERVER IS RUNNING IN OFFLINE/INSECURE MODE!
[23:37:44] [Server thread/WARN]: The server will make no attempt to authenticate usernames. Beware.
[23:37:44] [Server thread/WARN]: While this makes the game possible to play without internet access, it also opens up the ability for hackers to connect with any username they choose.
[23:37:44] [Server thread/WARN]: To change this, set "online-mode" to "true" in the server.properties file.
[23:37:44] [Server thread/INFO]: Preparing level "world"
[23:37:44] [Server thread/INFO]: Selecting global world spawn...
[23:37:45] [Server thread/INFO]: Loading 0 persistent chunks...
[23:37:45] [Server thread/INFO]: Preparing spawn area: 100%
[23:37:45] [Server thread/INFO]: Time elapsed: 365 ms
[23:37:45] [Server thread/INFO]: Done (0.484s)! For help, type "help"
[23:40:56] [Server thread/INFO]: NatMineBot[/127.0.0.1:47186] logged in with entity id 1 at (2.5, -60.0, -9.5)
[23:40:56] [Server thread/INFO]: NatMineBot joined the game
[23:40:56] [Server thread/INFO]: NatMineView[/127.0.0.1:47198] logged in with entity id 2 at (4.5, -60.0, 9.5)
[23:40:56] [Server thread/INFO]: NatMineView joined the game
[23:41:56] [Server thread/INFO]: NatMineBot lost connection: Disconnected
[23:41:56] [Server thread/INFO]: NatMineBot left the game
[23:41:56] [Server thread/INFO]: NatMineView lost connection: Disconnected
[23:41:56] [Server thread/INFO]: NatMineView left the game
[23:41:56] [Server thread/INFO]: That position is not loaded
[23:41:56] [Server thread/INFO]: That position is not loaded
[23:41:56] [Server thread/INFO]: That position is not loaded
[23:41:56] [Server thread/INFO]: No entity was found
[23:41:56] [Server thread/INFO]: No entity was found
[23:41:56] [Server thread/INFO]: No player was found
[23:43:04] [Server thread/INFO]: Marked 9 chunks in minecraft:overworld from [-1, -1] to [1, 1] to be force loaded
[23:43:06] [Server thread/INFO]: NatMineBot[/127.0.0.1:34664] logged in with entity id 3 at (2.5, -60.0, -9.5)
[23:43:06] [Server thread/INFO]: NatMineBot joined the game
[23:43:06] [Server thread/INFO]: NatMineView[/127.0.0.1:34678] logged in with entity id 4 at (4.5, -60.0, 9.5)
[23:43:06] [Server thread/INFO]: NatMineView joined the game
[23:43:31] [Server thread/INFO]: No blocks were filled
[23:43:31] [Server thread/INFO]: No blocks were filled
[23:43:31] [Server thread/INFO]: Changed the block at 2, -59, 0
[23:43:31] [Server thread/INFO]: Teleported NatMineBot to 0.500000, -60.000000, 0.500000
[23:43:31] [Server thread/INFO]: Teleported NatMineView to 0.500000, -60.000000, 4.500000
[23:43:31] [Server thread/INFO]: No items were found on player NatMineBot
[23:43:50] [Server thread/INFO]: Changed the block at 2, -59, 0
[23:43:50] [Server thread/INFO]: Teleported NatMineBot to 0.500000, -60.000000, 0.500000
[23:43:50] [Server thread/INFO]: Teleported NatMineView to 0.500000, -60.000000, 4.500000
[23:43:50] [Server thread/INFO]: No items were found on player NatMineBot
[23:44:31] [Server thread/INFO]: Changed the block at 2, -59, 0
[23:44:31] [Server thread/INFO]: Teleported NatMineBot to 0.500000, -60.000000, 0.500000
[23:44:31] [Server thread/INFO]: Teleported NatMineView to 0.500000, -60.000000, 4.500000
[23:44:31] [Server thread/INFO]: No items were found on player NatMineBot
[23:44:33] [Server thread/INFO]: NatMineBot lost connection: Disconnected
[23:44:33] [Server thread/INFO]: NatMineBot left the game
[23:44:42] [Server thread/INFO]: NatMineView lost connection: Disconnected
[23:44:42] [Server thread/INFO]: NatMineView left the game
[23:45:42] [Server thread/INFO]: [Not Secure] [Server] NATIVE_DISCONNECT_TARGET_RETAINED
[23:45:42] [Server thread/INFO]: There are 0 of a max of 2 players online: 
[23:49:37] [Server thread/INFO]: Stopping the server
[23:49:37] [Server thread/INFO]: Stopping server
[23:49:37] [Server thread/INFO]: Saving players
[23:49:37] [Server thread/INFO]: Saving worlds
[23:49:37] [Server thread/INFO]: Saving chunks for level 'ServerLevel[world]'/minecraft:overworld
[23:49:37] [Server thread/INFO]: Saving chunks for level 'ServerLevel[world]'/minecraft:the_nether
[23:49:37] [Server thread/INFO]: Saving chunks for level 'ServerLevel[world]'/minecraft:the_end
[23:49:37] [Server thread/INFO]: ThreadedAnvilChunkStorage (world): All chunks are saved
[23:49:37] [Server thread/INFO]: ThreadedAnvilChunkStorage (DIM-1): All chunks are saved
[23:49:37] [Server thread/INFO]: ThreadedAnvilChunkStorage (DIM1): All chunks are saved
[23:49:37] [Server thread/INFO]: ThreadedAnvilChunkStorage: All dimensions are saved
