[04:33:55] [ServerMain/INFO]: Environment: Environment[sessionHost=https://sessionserver.mojang.com, servicesHost=https://api.minecraftservices.com, profilesHost=https://api.mojang.com, name=PROD]
[04:33:57] [ServerMain/INFO]: Loaded 1470 recipes
[04:33:57] [ServerMain/INFO]: Loaded 1584 advancements
[04:33:57] [Server thread/INFO]: Starting minecraft server version 1.21.11
[04:33:57] [Server thread/INFO]: Loading properties
[04:33:57] [Server thread/INFO]: Default game type: SURVIVAL
[04:33:57] [Server thread/INFO]: Generating keypair
[04:33:58] [Server thread/INFO]: Starting Minecraft server on 127.0.0.1:25572
[04:33:58] [Server thread/WARN]: **** SERVER IS RUNNING IN OFFLINE/INSECURE MODE!
[04:33:58] [Server thread/WARN]: The server will make no attempt to authenticate usernames. Beware.
[04:33:58] [Server thread/WARN]: While this makes the game possible to play without internet access, it also opens up the ability for hackers to connect with any username they choose.
[04:33:58] [Server thread/WARN]: To change this, set "online-mode" to "true" in the server.properties file.
[04:33:58] [Server thread/INFO]: Preparing level "world"
[04:33:58] [Server thread/INFO]: Loading 49 persistent chunks...
[04:33:58] [Server thread/INFO]: Preparing spawn area: 16%
[04:33:58] [Server thread/INFO]: Time elapsed: 195 ms
[04:33:58] [Server thread/INFO]: Done (0.414s)! For help, type "help"
[04:34:08] [Server thread/INFO]: NatMineBot[/127.0.0.1:53704] logged in with entity id 1 at (0.5, -60.0, 0.5)
[04:34:08] [Server thread/INFO]: NatMineBot joined the game
[04:34:08] [Server thread/INFO]: NatMineView[/127.0.0.1:53720] logged in with entity id 2 at (0.5, -60.0, 4.5)
[04:34:08] [Server thread/INFO]: NatMineView joined the game
[04:34:18] [Server thread/INFO]: No blocks were filled
[04:34:18] [Server thread/INFO]: Successfully filled 1 block(s)
[04:34:18] [Server thread/INFO]: Changed the block at 2, -59, 0
[04:34:18] [Server thread/INFO]: Teleported NatMineBot to 0.500000, -60.000000, 0.500000
[04:34:18] [Server thread/INFO]: Teleported NatMineView to 0.500000, -60.000000, 4.500000
[04:34:18] [Server thread/INFO]: No items were found on player NatMineBot
[04:34:21] [Server thread/INFO]: NatMineBot lost connection: Disconnected
[04:34:21] [Server thread/INFO]: NatMineBot left the game
[04:34:22] [Server thread/INFO]: NatMineBot[/127.0.0.1:50080] logged in with entity id 4 at (0.5, -60.0, 0.5)
[04:34:22] [Server thread/INFO]: NatMineBot joined the game
[04:34:37] [Server thread/INFO]: No blocks were filled
[04:34:37] [Server thread/INFO]: No blocks were filled
[04:34:37] [Server thread/INFO]: Changed the block at 2, -59, 0
[04:34:37] [Server thread/INFO]: Teleported NatMineBot to 0.500000, -60.000000, 0.500000
[04:34:37] [Server thread/INFO]: Teleported NatMineView to 0.500000, -60.000000, 4.500000
[04:34:37] [Server thread/INFO]: No items were found on player NatMineBot
[04:34:47] [Server thread/INFO]: NatMineBot lost connection: Disconnected
[04:34:47] [Server thread/INFO]: NatMineBot left the game
[04:34:47] [Server thread/INFO]: NatMineBot[/127.0.0.1:50712] logged in with entity id 5 at (0.5, -60.0, 0.5)
[04:34:47] [Server thread/INFO]: NatMineBot joined the game
[04:35:00] [Server thread/INFO]: No blocks were filled
[04:35:00] [Server thread/INFO]: No blocks were filled
[04:35:00] [Server thread/INFO]: Changed the block at 2, -59, 0
[04:35:00] [Server thread/INFO]: Teleported NatMineBot to 0.500000, -60.000000, 0.500000
[04:35:00] [Server thread/INFO]: Teleported NatMineView to 0.500000, -60.000000, 4.500000
[04:35:00] [Server thread/INFO]: No items were found on player NatMineBot
[04:35:03] [Server thread/INFO]: Changed the block at 2, -59, 0
[04:35:03] [Server thread/INFO]: Changed the block at 2, -59, 0
[04:35:12] [Server thread/INFO]: NatMineBot lost connection: Disconnected
[04:35:12] [Server thread/INFO]: NatMineBot left the game
[04:35:13] [Server thread/INFO]: NatMineBot[/127.0.0.1:39714] logged in with entity id 6 at (0.5, -60.0, 0.5)
[04:35:13] [Server thread/INFO]: NatMineBot joined the game
[04:35:21] [Server thread/INFO]: No blocks were filled
[04:35:21] [Server thread/INFO]: No blocks were filled
[04:35:21] [Server thread/INFO]: Changed the block at 2, -59, 0
[04:35:21] [Server thread/INFO]: Teleported NatMineBot to 0.500000, -60.000000, 0.500000
[04:35:21] [Server thread/INFO]: Teleported NatMineView to 0.500000, -60.000000, 4.500000
[04:35:21] [Server thread/INFO]: No items were found on player NatMineBot
[04:35:23] [Server thread/INFO]: NatMineBot lost connection: Disconnected
[04:35:23] [Server thread/INFO]: NatMineBot left the game
[04:35:33] [Server thread/INFO]: NatMineBot[/127.0.0.1:48898] logged in with entity id 7 at (0.5, -60.0, 0.5)
[04:35:33] [Server thread/INFO]: NatMineBot joined the game
[04:35:41] [Server thread/INFO]: NatMineView lost connection: Disconnected
[04:35:41] [Server thread/INFO]: NatMineView left the game
[04:35:41] [Server thread/INFO]: NatMineBot lost connection: Disconnected
[04:35:41] [Server thread/INFO]: NatMineBot left the game
[04:35:55] [Server thread/INFO]: There are 0 of a max of 2 players online: 
[04:35:55] [Server thread/INFO]: Stopping the server
[04:35:55] [Server thread/INFO]: Stopping server
[04:35:55] [Server thread/INFO]: Saving players
[04:35:55] [Server thread/INFO]: Saving worlds
[04:35:55] [Server thread/INFO]: Saving chunks for level 'ServerLevel[world]'/minecraft:overworld
[04:35:56] [Server thread/INFO]: Saving chunks for level 'ServerLevel[world]'/minecraft:the_nether
[04:35:56] [Server thread/INFO]: Saving chunks for level 'ServerLevel[world]'/minecraft:the_end
[04:35:56] [Server thread/INFO]: ThreadedAnvilChunkStorage (world): All chunks are saved
[04:35:56] [Server thread/INFO]: ThreadedAnvilChunkStorage (DIM-1): All chunks are saved
[04:35:56] [Server thread/INFO]: ThreadedAnvilChunkStorage (DIM1): All chunks are saved
[04:35:56] [Server thread/INFO]: ThreadedAnvilChunkStorage: All dimensions are saved
